// Jest Snapshot v1, https://goo.gl/fbAQLP

exports[`creates a DynamoDB table with the expected properties 1`] = `
Table {
  "_allowCrossEnvironment": false,
  "_physicalName": undefined,
  "attributeDefinitions": [
    {
      "attributeName": "user#id",
      "attributeType": "S",
    },
  ],
  "billingMode": "PAY_PER_REQUEST",
  "encryptionKey": undefined,
  "env": {
    "account": "\${Token[AWS.AccountId.2]}",
    "region": "\${Token[AWS.Region.6]}",
  },
  "globalReplicaCustomResources": [],
  "globalSecondaryIndexes": [],
  "indexScaling": Map {},
  "keySchema": [
    {
      "attributeName": "user#id",
      "keyType": "HASH",
    },
    {
      "attributeName": "user#id",
      "keyType": "RANGE",
    },
  ],
  "localSecondaryIndexes": [],
  "node": Node {
    "_children": {
      "Resource": CfnTable {
        "_cfnProperties": {
          "attributeDefinitions": [
            {
              "attributeName": "user#id",
              "attributeType": "S",
            },
          ],
          "billingMode": "PAY_PER_REQUEST",
          "contributorInsightsSpecification": undefined,
          "globalSecondaryIndexes": "<unresolved-lazy>",
          "keySchema": [
            {
              "attributeName": "user#id",
              "keyType": "HASH",
            },
            {
              "attributeName": "user#id",
              "keyType": "RANGE",
            },
          ],
          "kinesisStreamSpecification": undefined,
          "localSecondaryIndexes": "<unresolved-lazy>",
          "pointInTimeRecoverySpecification": undefined,
          "provisionedThroughput": undefined,
          "sseSpecification": undefined,
          "streamSpecification": undefined,
          "tableClass": undefined,
          "tableName": "\${Token[TOKEN.593]}",
          "timeToLiveSpecification": undefined,
        },
        "attrArn": "\${Token[TOKEN.595]}",
        "attrStreamArn": "\${Token[TOKEN.596]}",
        "attributeDefinitions": [
          {
            "attributeName": "user#id",
            "attributeType": "S",
          },
        ],
        "billingMode": "PAY_PER_REQUEST",
        "cfnOptions": {
          "deletionPolicy": "Retain",
          "updateReplacePolicy": "Retain",
        },
        "cfnResourceType": "AWS::DynamoDB::Table",
        "contributorInsightsSpecification": undefined,
        "dependsOn": Set {},
        "globalSecondaryIndexes": "<unresolved-lazy>",
        "importSourceSpecification": undefined,
        "keySchema": [
          {
            "attributeName": "user#id",
            "keyType": "HASH",
          },
          {
            "attributeName": "user#id",
            "keyType": "RANGE",
          },
        ],
        "kinesisStreamSpecification": undefined,
        "localSecondaryIndexes": "<unresolved-lazy>",
        "logicalId": "\${Token[Default.TestTable.test-app-table.Resource.LogicalID.594]}",
        "node": Node {
          "_children": {},
          "_context": {},
          "_dependencies": Set {},
          "_locked": false,
          "_metadata": [
            {
              "data": "\${Token[Default.TestTable.test-app-table.Resource.LogicalID.594]}",
              "trace": undefined,
              "type": "aws:cdk:logicalId",
            },
          ],
          "_validations": [
            {
              "validate": [Function],
            },
          ],
          "host": [Circular],
          "id": "Resource",
          "scope": [Circular],
        },
        "pointInTimeRecoverySpecification": undefined,
        "provisionedThroughput": undefined,
        "rawOverrides": {},
        "sseSpecification": undefined,
        "stack": Stack {
          "_crossRegionReferences": false,
          "_logicalIds": LogicalIDs {
            "renames": {},
            "reverse": {},
          },
          "_missingContext": [],
          "_stackDependencies": {},
          "_stackName": "Default",
          "_versionReportingEnabled": undefined,
          "account": "\${Token[AWS.AccountId.2]}",
          "artifactId": "Default",
          "environment": "aws://unknown-account/unknown-region",
          "node": Node {
            "_children": {
              "TestTable": Table {
                "node": Node {
                  "_children": {
                    "test-app-table": [Circular],
                  },
                  "_context": {},
                  "_dependencies": Set {},
                  "_locked": false,
                  "_metadata": [],
                  "_validations": [],
                  "host": [Circular],
                  "id": "TestTable",
                  "scope": [Circular],
                },
                "table": [Circular],
                Symbol(@aws-cdk/core.DependableTrait): {
                  "dependencyRoots": [
                    [Circular],
                  ],
                },
              },
            },
            "_context": {},
            "_dependencies": Set {},
            "_locked": false,
            "_metadata": [],
            "_validations": [],
            "host": [Circular],
            "id": "Default",
            "scope": App {
              "_assemblyBuilder": CloudAssemblyBuilder {
                "artifacts": {},
                "assetOutdir": "/private/var/folders/vy/1lp4w6vs1c3__jcrpcv0c2740000gn/T/cdk-test-app-hP4GNw",
                "missing": [],
                "outdir": "/private/var/folders/vy/1lp4w6vs1c3__jcrpcv0c2740000gn/T/cdk-test-app-hP4GNw",
                "parentBuilder": undefined,
              },
              "_treeMetadata": true,
              "account": undefined,
              "node": Node {
                "_children": {
                  "Default": [Circular],
                },
                "_context": {},
                "_dependencies": Set {},
                "_locked": false,
                "_metadata": [],
                "_validations": [],
                "host": [Circular],
                "id": "",
                "scope": undefined,
              },
              "parentStage": undefined,
              "region": undefined,
              "stageName": "",
              Symbol(@aws-cdk/core.DependableTrait): {
                "dependencyRoots": [
                  [Circular],
                ],
              },
            },
          },
          "region": "\${Token[AWS.Region.6]}",
          "synthesizer": DefaultStackSynthesizer {
            "_boundStack": [Circular],
            "_cloudFormationExecutionRoleArn": "arn:\${AWS::Partition}:iam::\${AWS::AccountId}:role/cdk-hnb659fds-cfn-exec-role-\${AWS::AccountId}-\${AWS::Region}",
            "_deployRoleArn": "arn:\${AWS::Partition}:iam::\${AWS::AccountId}:role/cdk-hnb659fds-deploy-role-\${AWS::AccountId}-\${AWS::Region}",
            "assetManifest": AssetManifestBuilder {
              "dockerImages": {},
              "files": {},
            },
            "bootstrapStackVersionSsmParameter": "/cdk-bootstrap/hnb659fds/version",
            "bucketName": "cdk-hnb659fds-assets-\${AWS::AccountId}-\${AWS::Region}",
            "bucketPrefix": "",
            "dockerTagPrefix": "",
            "fileAssetPublishingRoleArn": "arn:\${AWS::Partition}:iam::\${AWS::AccountId}:role/cdk-hnb659fds-file-publishing-role-\${AWS::AccountId}-\${AWS::Region}",
            "imageAssetPublishingRoleArn": "arn:\${AWS::Partition}:iam::\${AWS::AccountId}:role/cdk-hnb659fds-image-publishing-role-\${AWS::AccountId}-\${AWS::Region}",
            "lookupRoleArn": "arn:\${AWS::Partition}:iam::\${AWS::AccountId}:role/cdk-hnb659fds-lookup-role-\${AWS::AccountId}-\${AWS::Region}",
            "props": {},
            "qualifier": "hnb659fds",
            "repositoryName": "cdk-hnb659fds-container-assets-\${AWS::AccountId}-\${AWS::Region}",
            "useLookupRoleForStackOperations": true,
          },
          "tags": TagManager {
            "initialTagPriority": 50,
            "priorities": Map {},
            "renderedTags": "<unresolved-lazy>",
            "resourceTypeName": "aws:cdk:stack",
            "tagFormatter": KeyValueFormatter {},
            "tagPropertyName": "tags",
            "tags": Map {},
          },
          "templateFile": "Default.template.json",
          "templateOptions": {},
          "terminationProtection": undefined,
          Symbol(@aws-cdk/core.DependableTrait): {
            "dependencyRoots": [
              [Circular],
            ],
          },
        },
        "streamSpecification": undefined,
        "tableClass": undefined,
        "tableName": "\${Token[TOKEN.593]}",
        "tags": TagManager {
          "initialTagPriority": 50,
          "priorities": Map {},
          "renderedTags": "<unresolved-lazy>",
          "resourceTypeName": "AWS::DynamoDB::Table",
          "tagFormatter": StandardFormatter {},
          "tagPropertyName": "tags",
          "tags": Map {},
        },
        "timeToLiveSpecification": undefined,
        Symbol(@aws-cdk/core.DependableTrait): {
          "dependencyRoots": [
            [Circular],
          ],
        },
      },
      "ScalingRole": ImportedRole {
        "_allowCrossEnvironment": false,
        "_physicalName": undefined,
        "assumeRoleAction": "sts:AssumeRole",
        "attachedPolicies": AttachedPolicies {
          "policies": [],
        },
        "defaultPolicyName": undefined,
        "env": {
          "account": "\${Token[AWS.AccountId.2]}",
          "region": "\${Token[AWS.Region.6]}",
        },
        "grantPrincipal": [Circular],
        "node": Node {
          "_children": {},
          "_context": {},
          "_dependencies": Set {},
          "_locked": false,
          "_metadata": [],
          "_validations": [],
          "host": [Circular],
          "id": "ScalingRole",
          "scope": [Circular],
        },
        "physicalName": "\${Token[TOKEN.600]}",
        "policyFragment": PrincipalPolicyFragment {
          "conditions": {},
          "principalJson": {
            "AWS": [
              "arn:\${Token[AWS.Partition.5]}:iam::\${Token[AWS.AccountId.2]}:role/aws-service-role/dynamodb.application-autoscaling.amazonaws.com/AWSServiceRoleForApplicationAutoScaling_DynamoDBTable",
            ],
          },
        },
        "principalAccount": "\${Token[AWS.AccountId.2]}",
        "roleArn": "arn:\${Token[AWS.Partition.5]}:iam::\${Token[AWS.AccountId.2]}:role/aws-service-role/dynamodb.application-autoscaling.amazonaws.com/AWSServiceRoleForApplicationAutoScaling_DynamoDBTable",
        "roleName": "AWSServiceRoleForApplicationAutoScaling_DynamoDBTable",
        "stack": Stack {
          "_crossRegionReferences": false,
          "_logicalIds": LogicalIDs {
            "renames": {},
            "reverse": {},
          },
          "_missingContext": [],
          "_stackDependencies": {},
          "_stackName": "Default",
          "_versionReportingEnabled": undefined,
          "account": "\${Token[AWS.AccountId.2]}",
          "artifactId": "Default",
          "environment": "aws://unknown-account/unknown-region",
          "node": Node {
            "_children": {
              "TestTable": Table {
                "node": Node {
                  "_children": {
                    "test-app-table": [Circular],
                  },
                  "_context": {},
                  "_dependencies": Set {},
                  "_locked": false,
                  "_metadata": [],
                  "_validations": [],
                  "host": [Circular],
                  "id": "TestTable",
                  "scope": [Circular],
                },
                "table": [Circular],
                Symbol(@aws-cdk/core.DependableTrait): {
                  "dependencyRoots": [
                    [Circular],
                  ],
                },
              },
            },
            "_context": {},
            "_dependencies": Set {},
            "_locked": false,
            "_metadata": [],
            "_validations": [],
            "host": [Circular],
            "id": "Default",
            "scope": App {
              "_assemblyBuilder": CloudAssemblyBuilder {
                "artifacts": {},
                "assetOutdir": "/private/var/folders/vy/1lp4w6vs1c3__jcrpcv0c2740000gn/T/cdk-test-app-hP4GNw",
                "missing": [],
                "outdir": "/private/var/folders/vy/1lp4w6vs1c3__jcrpcv0c2740000gn/T/cdk-test-app-hP4GNw",
                "parentBuilder": undefined,
              },
              "_treeMetadata": true,
              "account": undefined,
              "node": Node {
                "_children": {
                  "Default": [Circular],
                },
                "_context": {},
                "_dependencies": Set {},
                "_locked": false,
                "_metadata": [],
                "_validations": [],
                "host": [Circular],
                "id": "",
                "scope": undefined,
              },
              "parentStage": undefined,
              "region": undefined,
              "stageName": "",
              Symbol(@aws-cdk/core.DependableTrait): {
                "dependencyRoots": [
                  [Circular],
                ],
              },
            },
          },
          "region": "\${Token[AWS.Region.6]}",
          "synthesizer": DefaultStackSynthesizer {
            "_boundStack": [Circular],
            "_cloudFormationExecutionRoleArn": "arn:\${AWS::Partition}:iam::\${AWS::AccountId}:role/cdk-hnb659fds-cfn-exec-role-\${AWS::AccountId}-\${AWS::Region}",
            "_deployRoleArn": "arn:\${AWS::Partition}:iam::\${AWS::AccountId}:role/cdk-hnb659fds-deploy-role-\${AWS::AccountId}-\${AWS::Region}",
            "assetManifest": AssetManifestBuilder {
              "dockerImages": {},
              "files": {},
            },
            "bootstrapStackVersionSsmParameter": "/cdk-bootstrap/hnb659fds/version",
            "bucketName": "cdk-hnb659fds-assets-\${AWS::AccountId}-\${AWS::Region}",
            "bucketPrefix": "",
            "dockerTagPrefix": "",
            "fileAssetPublishingRoleArn": "arn:\${AWS::Partition}:iam::\${AWS::AccountId}:role/cdk-hnb659fds-file-publishing-role-\${AWS::AccountId}-\${AWS::Region}",
            "imageAssetPublishingRoleArn": "arn:\${AWS::Partition}:iam::\${AWS::AccountId}:role/cdk-hnb659fds-image-publishing-role-\${AWS::AccountId}-\${AWS::Region}",
            "lookupRoleArn": "arn:\${AWS::Partition}:iam::\${AWS::AccountId}:role/cdk-hnb659fds-lookup-role-\${AWS::AccountId}-\${AWS::Region}",
            "props": {},
            "qualifier": "hnb659fds",
            "repositoryName": "cdk-hnb659fds-container-assets-\${AWS::AccountId}-\${AWS::Region}",
            "useLookupRoleForStackOperations": true,
          },
          "tags": TagManager {
            "initialTagPriority": 50,
            "priorities": Map {},
            "renderedTags": "<unresolved-lazy>",
            "resourceTypeName": "aws:cdk:stack",
            "tagFormatter": KeyValueFormatter {},
            "tagPropertyName": "tags",
            "tags": Map {},
          },
          "templateFile": "Default.template.json",
          "templateOptions": {},
          "terminationProtection": undefined,
          Symbol(@aws-cdk/core.DependableTrait): {
            "dependencyRoots": [
              [Circular],
            ],
          },
        },
        Symbol(@aws-cdk/core.DependableTrait): {
          "dependencyRoots": [
            [Circular],
          ],
        },
      },
    },
    "_context": {},
    "_dependencies": Set {},
    "_locked": false,
    "_metadata": [],
    "_validations": [
      {
        "validate": [Function],
      },
    ],
    "host": [Circular],
    "id": "test-app-table",
    "scope": Table {
      "node": Node {
        "_children": {
          "test-app-table": [Circular],
        },
        "_context": {},
        "_dependencies": Set {},
        "_locked": false,
        "_metadata": [],
        "_validations": [],
        "host": [Circular],
        "id": "TestTable",
        "scope": Stack {
          "_crossRegionReferences": false,
          "_logicalIds": LogicalIDs {
            "renames": {},
            "reverse": {},
          },
          "_missingContext": [],
          "_stackDependencies": {},
          "_stackName": "Default",
          "_versionReportingEnabled": undefined,
          "account": "\${Token[AWS.AccountId.2]}",
          "artifactId": "Default",
          "environment": "aws://unknown-account/unknown-region",
          "node": Node {
            "_children": {
              "TestTable": [Circular],
            },
            "_context": {},
            "_dependencies": Set {},
            "_locked": false,
            "_metadata": [],
            "_validations": [],
            "host": [Circular],
            "id": "Default",
            "scope": App {
              "_assemblyBuilder": CloudAssemblyBuilder {
                "artifacts": {},
                "assetOutdir": "/private/var/folders/vy/1lp4w6vs1c3__jcrpcv0c2740000gn/T/cdk-test-app-hP4GNw",
                "missing": [],
                "outdir": "/private/var/folders/vy/1lp4w6vs1c3__jcrpcv0c2740000gn/T/cdk-test-app-hP4GNw",
                "parentBuilder": undefined,
              },
              "_treeMetadata": true,
              "account": undefined,
              "node": Node {
                "_children": {
                  "Default": [Circular],
                },
                "_context": {},
                "_dependencies": Set {},
                "_locked": false,
                "_metadata": [],
                "_validations": [],
                "host": [Circular],
                "id": "",
                "scope": undefined,
              },
              "parentStage": undefined,
              "region": undefined,
              "stageName": "",
              Symbol(@aws-cdk/core.DependableTrait): {
                "dependencyRoots": [
                  [Circular],
                ],
              },
            },
          },
          "region": "\${Token[AWS.Region.6]}",
          "synthesizer": DefaultStackSynthesizer {
            "_boundStack": [Circular],
            "_cloudFormationExecutionRoleArn": "arn:\${AWS::Partition}:iam::\${AWS::AccountId}:role/cdk-hnb659fds-cfn-exec-role-\${AWS::AccountId}-\${AWS::Region}",
            "_deployRoleArn": "arn:\${AWS::Partition}:iam::\${AWS::AccountId}:role/cdk-hnb659fds-deploy-role-\${AWS::AccountId}-\${AWS::Region}",
            "assetManifest": AssetManifestBuilder {
              "dockerImages": {},
              "files": {},
            },
            "bootstrapStackVersionSsmParameter": "/cdk-bootstrap/hnb659fds/version",
            "bucketName": "cdk-hnb659fds-assets-\${AWS::AccountId}-\${AWS::Region}",
            "bucketPrefix": "",
            "dockerTagPrefix": "",
            "fileAssetPublishingRoleArn": "arn:\${AWS::Partition}:iam::\${AWS::AccountId}:role/cdk-hnb659fds-file-publishing-role-\${AWS::AccountId}-\${AWS::Region}",
            "imageAssetPublishingRoleArn": "arn:\${AWS::Partition}:iam::\${AWS::AccountId}:role/cdk-hnb659fds-image-publishing-role-\${AWS::AccountId}-\${AWS::Region}",
            "lookupRoleArn": "arn:\${AWS::Partition}:iam::\${AWS::AccountId}:role/cdk-hnb659fds-lookup-role-\${AWS::AccountId}-\${AWS::Region}",
            "props": {},
            "qualifier": "hnb659fds",
            "repositoryName": "cdk-hnb659fds-container-assets-\${AWS::AccountId}-\${AWS::Region}",
            "useLookupRoleForStackOperations": true,
          },
          "tags": TagManager {
            "initialTagPriority": 50,
            "priorities": Map {},
            "renderedTags": "<unresolved-lazy>",
            "resourceTypeName": "aws:cdk:stack",
            "tagFormatter": KeyValueFormatter {},
            "tagPropertyName": "tags",
            "tags": Map {},
          },
          "templateFile": "Default.template.json",
          "templateOptions": {},
          "terminationProtection": undefined,
          Symbol(@aws-cdk/core.DependableTrait): {
            "dependencyRoots": [
              [Circular],
            ],
          },
        },
      },
      "table": [Circular],
      Symbol(@aws-cdk/core.DependableTrait): {
        "dependencyRoots": [
          [Circular],
        ],
      },
    },
  },
  "nonKeyAttributes": Set {},
  "physicalName": "\${Token[TOKEN.593]}",
  "regionalArns": [],
  "scalingRole": ImportedRole {
    "_allowCrossEnvironment": false,
    "_physicalName": undefined,
    "assumeRoleAction": "sts:AssumeRole",
    "attachedPolicies": AttachedPolicies {
      "policies": [],
    },
    "defaultPolicyName": undefined,
    "env": {
      "account": "\${Token[AWS.AccountId.2]}",
      "region": "\${Token[AWS.Region.6]}",
    },
    "grantPrincipal": [Circular],
    "node": Node {
      "_children": {},
      "_context": {},
      "_dependencies": Set {},
      "_locked": false,
      "_metadata": [],
      "_validations": [],
      "host": [Circular],
      "id": "ScalingRole",
      "scope": [Circular],
    },
    "physicalName": "\${Token[TOKEN.600]}",
    "policyFragment": PrincipalPolicyFragment {
      "conditions": {},
      "principalJson": {
        "AWS": [
          "arn:\${Token[AWS.Partition.5]}:iam::\${Token[AWS.AccountId.2]}:role/aws-service-role/dynamodb.application-autoscaling.amazonaws.com/AWSServiceRoleForApplicationAutoScaling_DynamoDBTable",
        ],
      },
    },
    "principalAccount": "\${Token[AWS.AccountId.2]}",
    "roleArn": "arn:\${Token[AWS.Partition.5]}:iam::\${Token[AWS.AccountId.2]}:role/aws-service-role/dynamodb.application-autoscaling.amazonaws.com/AWSServiceRoleForApplicationAutoScaling_DynamoDBTable",
    "roleName": "AWSServiceRoleForApplicationAutoScaling_DynamoDBTable",
    "stack": Stack {
      "_crossRegionReferences": false,
      "_logicalIds": LogicalIDs {
        "renames": {},
        "reverse": {},
      },
      "_missingContext": [],
      "_stackDependencies": {},
      "_stackName": "Default",
      "_versionReportingEnabled": undefined,
      "account": "\${Token[AWS.AccountId.2]}",
      "artifactId": "Default",
      "environment": "aws://unknown-account/unknown-region",
      "node": Node {
        "_children": {
          "TestTable": Table {
            "node": Node {
              "_children": {
                "test-app-table": [Circular],
              },
              "_context": {},
              "_dependencies": Set {},
              "_locked": false,
              "_metadata": [],
              "_validations": [],
              "host": [Circular],
              "id": "TestTable",
              "scope": [Circular],
            },
            "table": [Circular],
            Symbol(@aws-cdk/core.DependableTrait): {
              "dependencyRoots": [
                [Circular],
              ],
            },
          },
        },
        "_context": {},
        "_dependencies": Set {},
        "_locked": false,
        "_metadata": [],
        "_validations": [],
        "host": [Circular],
        "id": "Default",
        "scope": App {
          "_assemblyBuilder": CloudAssemblyBuilder {
            "artifacts": {},
            "assetOutdir": "/private/var/folders/vy/1lp4w6vs1c3__jcrpcv0c2740000gn/T/cdk-test-app-hP4GNw",
            "missing": [],
            "outdir": "/private/var/folders/vy/1lp4w6vs1c3__jcrpcv0c2740000gn/T/cdk-test-app-hP4GNw",
            "parentBuilder": undefined,
          },
          "_treeMetadata": true,
          "account": undefined,
          "node": Node {
            "_children": {
              "Default": [Circular],
            },
            "_context": {},
            "_dependencies": Set {},
            "_locked": false,
            "_metadata": [],
            "_validations": [],
            "host": [Circular],
            "id": "",
            "scope": undefined,
          },
          "parentStage": undefined,
          "region": undefined,
          "stageName": "",
          Symbol(@aws-cdk/core.DependableTrait): {
            "dependencyRoots": [
              [Circular],
            ],
          },
        },
      },
      "region": "\${Token[AWS.Region.6]}",
      "synthesizer": DefaultStackSynthesizer {
        "_boundStack": [Circular],
        "_cloudFormationExecutionRoleArn": "arn:\${AWS::Partition}:iam::\${AWS::AccountId}:role/cdk-hnb659fds-cfn-exec-role-\${AWS::AccountId}-\${AWS::Region}",
        "_deployRoleArn": "arn:\${AWS::Partition}:iam::\${AWS::AccountId}:role/cdk-hnb659fds-deploy-role-\${AWS::AccountId}-\${AWS::Region}",
        "assetManifest": AssetManifestBuilder {
          "dockerImages": {},
          "files": {},
        },
        "bootstrapStackVersionSsmParameter": "/cdk-bootstrap/hnb659fds/version",
        "bucketName": "cdk-hnb659fds-assets-\${AWS::AccountId}-\${AWS::Region}",
        "bucketPrefix": "",
        "dockerTagPrefix": "",
        "fileAssetPublishingRoleArn": "arn:\${AWS::Partition}:iam::\${AWS::AccountId}:role/cdk-hnb659fds-file-publishing-role-\${AWS::AccountId}-\${AWS::Region}",
        "imageAssetPublishingRoleArn": "arn:\${AWS::Partition}:iam::\${AWS::AccountId}:role/cdk-hnb659fds-image-publishing-role-\${AWS::AccountId}-\${AWS::Region}",
        "lookupRoleArn": "arn:\${AWS::Partition}:iam::\${AWS::AccountId}:role/cdk-hnb659fds-lookup-role-\${AWS::AccountId}-\${AWS::Region}",
        "props": {},
        "qualifier": "hnb659fds",
        "repositoryName": "cdk-hnb659fds-container-assets-\${AWS::AccountId}-\${AWS::Region}",
        "useLookupRoleForStackOperations": true,
      },
      "tags": TagManager {
        "initialTagPriority": 50,
        "priorities": Map {},
        "renderedTags": "<unresolved-lazy>",
        "resourceTypeName": "aws:cdk:stack",
        "tagFormatter": KeyValueFormatter {},
        "tagPropertyName": "tags",
        "tags": Map {},
      },
      "templateFile": "Default.template.json",
      "templateOptions": {},
      "terminationProtection": undefined,
      Symbol(@aws-cdk/core.DependableTrait): {
        "dependencyRoots": [
          [Circular],
        ],
      },
    },
    Symbol(@aws-cdk/core.DependableTrait): {
      "dependencyRoots": [
        [Circular],
      ],
    },
  },
  "secondaryIndexSchemas": Map {},
  "stack": Stack {
    "_crossRegionReferences": false,
    "_logicalIds": LogicalIDs {
      "renames": {},
      "reverse": {},
    },
    "_missingContext": [],
    "_stackDependencies": {},
    "_stackName": "Default",
    "_versionReportingEnabled": undefined,
    "account": "\${Token[AWS.AccountId.2]}",
    "artifactId": "Default",
    "environment": "aws://unknown-account/unknown-region",
    "node": Node {
      "_children": {
        "TestTable": Table {
          "node": Node {
            "_children": {
              "test-app-table": [Circular],
            },
            "_context": {},
            "_dependencies": Set {},
            "_locked": false,
            "_metadata": [],
            "_validations": [],
            "host": [Circular],
            "id": "TestTable",
            "scope": [Circular],
          },
          "table": [Circular],
          Symbol(@aws-cdk/core.DependableTrait): {
            "dependencyRoots": [
              [Circular],
            ],
          },
        },
      },
      "_context": {},
      "_dependencies": Set {},
      "_locked": false,
      "_metadata": [],
      "_validations": [],
      "host": [Circular],
      "id": "Default",
      "scope": App {
        "_assemblyBuilder": CloudAssemblyBuilder {
          "artifacts": {},
          "assetOutdir": "/private/var/folders/vy/1lp4w6vs1c3__jcrpcv0c2740000gn/T/cdk-test-app-hP4GNw",
          "missing": [],
          "outdir": "/private/var/folders/vy/1lp4w6vs1c3__jcrpcv0c2740000gn/T/cdk-test-app-hP4GNw",
          "parentBuilder": undefined,
        },
        "_treeMetadata": true,
        "account": undefined,
        "node": Node {
          "_children": {
            "Default": [Circular],
          },
          "_context": {},
          "_dependencies": Set {},
          "_locked": false,
          "_metadata": [],
          "_validations": [],
          "host": [Circular],
          "id": "",
          "scope": undefined,
        },
        "parentStage": undefined,
        "region": undefined,
        "stageName": "",
        Symbol(@aws-cdk/core.DependableTrait): {
          "dependencyRoots": [
            [Circular],
          ],
        },
      },
    },
    "region": "\${Token[AWS.Region.6]}",
    "synthesizer": DefaultStackSynthesizer {
      "_boundStack": [Circular],
      "_cloudFormationExecutionRoleArn": "arn:\${AWS::Partition}:iam::\${AWS::AccountId}:role/cdk-hnb659fds-cfn-exec-role-\${AWS::AccountId}-\${AWS::Region}",
      "_deployRoleArn": "arn:\${AWS::Partition}:iam::\${AWS::AccountId}:role/cdk-hnb659fds-deploy-role-\${AWS::AccountId}-\${AWS::Region}",
      "assetManifest": AssetManifestBuilder {
        "dockerImages": {},
        "files": {},
      },
      "bootstrapStackVersionSsmParameter": "/cdk-bootstrap/hnb659fds/version",
      "bucketName": "cdk-hnb659fds-assets-\${AWS::AccountId}-\${AWS::Region}",
      "bucketPrefix": "",
      "dockerTagPrefix": "",
      "fileAssetPublishingRoleArn": "arn:\${AWS::Partition}:iam::\${AWS::AccountId}:role/cdk-hnb659fds-file-publishing-role-\${AWS::AccountId}-\${AWS::Region}",
      "imageAssetPublishingRoleArn": "arn:\${AWS::Partition}:iam::\${AWS::AccountId}:role/cdk-hnb659fds-image-publishing-role-\${AWS::AccountId}-\${AWS::Region}",
      "lookupRoleArn": "arn:\${AWS::Partition}:iam::\${AWS::AccountId}:role/cdk-hnb659fds-lookup-role-\${AWS::AccountId}-\${AWS::Region}",
      "props": {},
      "qualifier": "hnb659fds",
      "repositoryName": "cdk-hnb659fds-container-assets-\${AWS::AccountId}-\${AWS::Region}",
      "useLookupRoleForStackOperations": true,
    },
    "tags": TagManager {
      "initialTagPriority": 50,
      "priorities": Map {},
      "renderedTags": "<unresolved-lazy>",
      "resourceTypeName": "aws:cdk:stack",
      "tagFormatter": KeyValueFormatter {},
      "tagPropertyName": "tags",
      "tags": Map {},
    },
    "templateFile": "Default.template.json",
    "templateOptions": {},
    "terminationProtection": undefined,
    Symbol(@aws-cdk/core.DependableTrait): {
      "dependencyRoots": [
        [Circular],
      ],
    },
  },
  "table": CfnTable {
    "_cfnProperties": {
      "attributeDefinitions": [
        {
          "attributeName": "user#id",
          "attributeType": "S",
        },
      ],
      "billingMode": "PAY_PER_REQUEST",
      "contributorInsightsSpecification": undefined,
      "globalSecondaryIndexes": "<unresolved-lazy>",
      "keySchema": [
        {
          "attributeName": "user#id",
          "keyType": "HASH",
        },
        {
          "attributeName": "user#id",
          "keyType": "RANGE",
        },
      ],
      "kinesisStreamSpecification": undefined,
      "localSecondaryIndexes": "<unresolved-lazy>",
      "pointInTimeRecoverySpecification": undefined,
      "provisionedThroughput": undefined,
      "sseSpecification": undefined,
      "streamSpecification": undefined,
      "tableClass": undefined,
      "tableName": "\${Token[TOKEN.593]}",
      "timeToLiveSpecification": undefined,
    },
    "attrArn": "\${Token[TOKEN.595]}",
    "attrStreamArn": "\${Token[TOKEN.596]}",
    "attributeDefinitions": [
      {
        "attributeName": "user#id",
        "attributeType": "S",
      },
    ],
    "billingMode": "PAY_PER_REQUEST",
    "cfnOptions": {
      "deletionPolicy": "Retain",
      "updateReplacePolicy": "Retain",
    },
    "cfnResourceType": "AWS::DynamoDB::Table",
    "contributorInsightsSpecification": undefined,
    "dependsOn": Set {},
    "globalSecondaryIndexes": "<unresolved-lazy>",
    "importSourceSpecification": undefined,
    "keySchema": [
      {
        "attributeName": "user#id",
        "keyType": "HASH",
      },
      {
        "attributeName": "user#id",
        "keyType": "RANGE",
      },
    ],
    "kinesisStreamSpecification": undefined,
    "localSecondaryIndexes": "<unresolved-lazy>",
    "logicalId": "\${Token[Default.TestTable.test-app-table.Resource.LogicalID.594]}",
    "node": Node {
      "_children": {},
      "_context": {},
      "_dependencies": Set {},
      "_locked": false,
      "_metadata": [
        {
          "data": "\${Token[Default.TestTable.test-app-table.Resource.LogicalID.594]}",
          "trace": undefined,
          "type": "aws:cdk:logicalId",
        },
      ],
      "_validations": [
        {
          "validate": [Function],
        },
      ],
      "host": [Circular],
      "id": "Resource",
      "scope": [Circular],
    },
    "pointInTimeRecoverySpecification": undefined,
    "provisionedThroughput": undefined,
    "rawOverrides": {},
    "sseSpecification": undefined,
    "stack": Stack {
      "_crossRegionReferences": false,
      "_logicalIds": LogicalIDs {
        "renames": {},
        "reverse": {},
      },
      "_missingContext": [],
      "_stackDependencies": {},
      "_stackName": "Default",
      "_versionReportingEnabled": undefined,
      "account": "\${Token[AWS.AccountId.2]}",
      "artifactId": "Default",
      "environment": "aws://unknown-account/unknown-region",
      "node": Node {
        "_children": {
          "TestTable": Table {
            "node": Node {
              "_children": {
                "test-app-table": [Circular],
              },
              "_context": {},
              "_dependencies": Set {},
              "_locked": false,
              "_metadata": [],
              "_validations": [],
              "host": [Circular],
              "id": "TestTable",
              "scope": [Circular],
            },
            "table": [Circular],
            Symbol(@aws-cdk/core.DependableTrait): {
              "dependencyRoots": [
                [Circular],
              ],
            },
          },
        },
        "_context": {},
        "_dependencies": Set {},
        "_locked": false,
        "_metadata": [],
        "_validations": [],
        "host": [Circular],
        "id": "Default",
        "scope": App {
          "_assemblyBuilder": CloudAssemblyBuilder {
            "artifacts": {},
            "assetOutdir": "/private/var/folders/vy/1lp4w6vs1c3__jcrpcv0c2740000gn/T/cdk-test-app-hP4GNw",
            "missing": [],
            "outdir": "/private/var/folders/vy/1lp4w6vs1c3__jcrpcv0c2740000gn/T/cdk-test-app-hP4GNw",
            "parentBuilder": undefined,
          },
          "_treeMetadata": true,
          "account": undefined,
          "node": Node {
            "_children": {
              "Default": [Circular],
            },
            "_context": {},
            "_dependencies": Set {},
            "_locked": false,
            "_metadata": [],
            "_validations": [],
            "host": [Circular],
            "id": "",
            "scope": undefined,
          },
          "parentStage": undefined,
          "region": undefined,
          "stageName": "",
          Symbol(@aws-cdk/core.DependableTrait): {
            "dependencyRoots": [
              [Circular],
            ],
          },
        },
      },
      "region": "\${Token[AWS.Region.6]}",
      "synthesizer": DefaultStackSynthesizer {
        "_boundStack": [Circular],
        "_cloudFormationExecutionRoleArn": "arn:\${AWS::Partition}:iam::\${AWS::AccountId}:role/cdk-hnb659fds-cfn-exec-role-\${AWS::AccountId}-\${AWS::Region}",
        "_deployRoleArn": "arn:\${AWS::Partition}:iam::\${AWS::AccountId}:role/cdk-hnb659fds-deploy-role-\${AWS::AccountId}-\${AWS::Region}",
        "assetManifest": AssetManifestBuilder {
          "dockerImages": {},
          "files": {},
        },
        "bootstrapStackVersionSsmParameter": "/cdk-bootstrap/hnb659fds/version",
        "bucketName": "cdk-hnb659fds-assets-\${AWS::AccountId}-\${AWS::Region}",
        "bucketPrefix": "",
        "dockerTagPrefix": "",
        "fileAssetPublishingRoleArn": "arn:\${AWS::Partition}:iam::\${AWS::AccountId}:role/cdk-hnb659fds-file-publishing-role-\${AWS::AccountId}-\${AWS::Region}",
        "imageAssetPublishingRoleArn": "arn:\${AWS::Partition}:iam::\${AWS::AccountId}:role/cdk-hnb659fds-image-publishing-role-\${AWS::AccountId}-\${AWS::Region}",
        "lookupRoleArn": "arn:\${AWS::Partition}:iam::\${AWS::AccountId}:role/cdk-hnb659fds-lookup-role-\${AWS::AccountId}-\${AWS::Region}",
        "props": {},
        "qualifier": "hnb659fds",
        "repositoryName": "cdk-hnb659fds-container-assets-\${AWS::AccountId}-\${AWS::Region}",
        "useLookupRoleForStackOperations": true,
      },
      "tags": TagManager {
        "initialTagPriority": 50,
        "priorities": Map {},
        "renderedTags": "<unresolved-lazy>",
        "resourceTypeName": "aws:cdk:stack",
        "tagFormatter": KeyValueFormatter {},
        "tagPropertyName": "tags",
        "tags": Map {},
      },
      "templateFile": "Default.template.json",
      "templateOptions": {},
      "terminationProtection": undefined,
      Symbol(@aws-cdk/core.DependableTrait): {
        "dependencyRoots": [
          [Circular],
        ],
      },
    },
    "streamSpecification": undefined,
    "tableClass": undefined,
    "tableName": "\${Token[TOKEN.593]}",
    "tags": TagManager {
      "initialTagPriority": 50,
      "priorities": Map {},
      "renderedTags": "<unresolved-lazy>",
      "resourceTypeName": "AWS::DynamoDB::Table",
      "tagFormatter": StandardFormatter {},
      "tagPropertyName": "tags",
      "tags": Map {},
    },
    "timeToLiveSpecification": undefined,
    Symbol(@aws-cdk/core.DependableTrait): {
      "dependencyRoots": [
        [Circular],
      ],
    },
  },
  "tableArn": "\${Token[TOKEN.597]}",
  "tableName": "\${Token[TOKEN.599]}",
  "tablePartitionKey": {
    "name": "user#id",
    "type": "S",
  },
  "tableScaling": {},
  "tableSortKey": {
    "name": "user#id",
    "type": "S",
  },
  "tableStreamArn": undefined,
  Symbol(@aws-cdk/core.DependableTrait): {
    "dependencyRoots": [
      [Circular],
    ],
  },
}
`;
